#
# There is insufficient memory for the Java Runtime Environment to continue.
# Native memory allocation (malloc) failed to allocate 1054096 bytes for Chunk::new
# Possible reasons:
#   The system is out of physical RAM or swap space
#   The process is running with CompressedOops enabled, and the Java Heap may be blocking the growth of the native heap
# Possible solutions:
#   Reduce memory load on the system
#   Increase physical memory or swap space
#   Check if swap backing store is full
#   Decrease Java heap size (-Xmx/-Xms)
#   Decrease number of Java threads
#   Decrease Java thread stack sizes (-Xss)
#   Set larger code cache with -XX:ReservedCodeCacheSize=
#   JVM is running with Unscaled Compressed Oops mode in which the Java heap is
#     placed in the first 4GB address space. The Java Heap base address is the
#     maximum limit for the native heap growth. Please use -XX:HeapBaseMinAddress
#     to set the Java Heap base and to place the Java Heap above 4GB virtual address.
# This output file may be truncated or incomplete.
#
#  Out of Memory Error (arena.cpp:189), pid=66356, tid=82936
#
# JRE version: OpenJDK Runtime Environment Microsoft-8035246 (17.0.8+7) (build 17.0.8+7-LTS)
# Java VM: OpenJDK 64-Bit Server VM Microsoft-8035246 (17.0.8+7-LTS, mixed mode, sharing, tiered, compressed oops, compressed class ptrs, g1 gc, windows-amd64)
# No core dump will be written. Minidumps are not enabled by default on client versions of Windows
#

---------------  S U M M A R Y ------------

Command Line: org.jetbrains.kotlin.cli.jvm.K2JVMCompiler @C:\REACT-NATIVE\calorify\node_modules\expo-dev-launcher\expo-dev-launcher-gradle-plugin\build\20240809_6609772985227965082.compiler.options

Host: Intel(R) Core(TM) i5-8265U CPU @ 1.60GHz, 8 cores, 7G,  Windows 10 , 64 bit Build 19041 (10.0.19041.4597)
Time: Fri Aug  9 23:31:30 2024 India Standard Time elapsed time: 12.649339 seconds (0d 0h 0m 12s)

---------------  T H R E A D  ---------------

Current thread (0x000001cb7cd187a0):  JavaThread "C2 CompilerThread0" daemon [_thread_in_native, id=82936, stack(0x000000a2e8000000,0x000000a2e8100000)]


Current CompileTask:
C2:  12649 5924   !   4       jdk.internal.loader.BuiltinClassLoader::loadClassOrNull (143 bytes)

Stack: [0x000000a2e8000000,0x000000a2e8100000]
Native frames: (J=compiled Java code, j=interpreted, Vv=VM code, C=native code)
V  [jvm.dll+0x67bf3a]
V  [jvm.dll+0x83a024]
V  [jvm.dll+0x83b7ce]
V  [jvm.dll+0x83be33]
V  [jvm.dll+0x24785f]
V  [jvm.dll+0xac3bc]
V  [jvm.dll+0xac98c]
V  [jvm.dll+0x2af19f]
V  [jvm.dll+0x584667]
V  [jvm.dll+0x222a82]
V  [jvm.dll+0x222e5f]
V  [jvm.dll+0x21bf4f]
V  [jvm.dll+0x21944b]
V  [jvm.dll+0x1a56b6]
V  [jvm.dll+0x2291ea]
V  [jvm.dll+0x22724c]
V  [jvm.dll+0x7efd0c]
V  [jvm.dll+0x7ea13a]
V  [jvm.dll+0x67ad85]
C  [ucrtbase.dll+0x21bb2]
C  [KERNEL32.DLL+0x17374]
C  [ntdll.dll+0x4cc91]


---------------  P R O C E S S  ---------------

Threads class SMR info:
_java_thread_list=0x000001cb7d233a50, length=12, elements={
0x000001cb6da15bd0, 0x000001cb7ccf9f50, 0x000001cb7ccfabd0, 0x000001cb7cd106e0,
0x000001cb7cd13230, 0x000001cb7cd13bf0, 0x000001cb7cd145b0, 0x000001cb7cd187a0,
0x000001cb7cd211b0, 0x000001cb7cd2b2a0, 0x000001cb7cf5c700, 0x000001cb7cf5ea70
}

Java Threads: ( => current thread )
  0x000001cb6da15bd0 JavaThread "main" [_thread_in_vm, id=67736, stack(0x000000a2e7300000,0x000000a2e7400000)]
  0x000001cb7ccf9f50 JavaThread "Reference Handler" daemon [_thread_blocked, id=113656, stack(0x000000a2e7a00000,0x000000a2e7b00000)]
  0x000001cb7ccfabd0 JavaThread "Finalizer" daemon [_thread_blocked, id=109412, stack(0x000000a2e7b00000,0x000000a2e7c00000)]
  0x000001cb7cd106e0 JavaThread "Signal Dispatcher" daemon [_thread_blocked, id=21180, stack(0x000000a2e7c00000,0x000000a2e7d00000)]
  0x000001cb7cd13230 JavaThread "Attach Listener" daemon [_thread_blocked, id=4756, stack(0x000000a2e7d00000,0x000000a2e7e00000)]
  0x000001cb7cd13bf0 JavaThread "Service Thread" daemon [_thread_blocked, id=28964, stack(0x000000a2e7e00000,0x000000a2e7f00000)]
  0x000001cb7cd145b0 JavaThread "Monitor Deflation Thread" daemon [_thread_blocked, id=31560, stack(0x000000a2e7f00000,0x000000a2e8000000)]
=>0x000001cb7cd187a0 JavaThread "C2 CompilerThread0" daemon [_thread_in_native, id=82936, stack(0x000000a2e8000000,0x000000a2e8100000)]
  0x000001cb7cd211b0 JavaThread "C1 CompilerThread0" daemon [_thread_blocked, id=21984, stack(0x000000a2e8100000,0x000000a2e8200000)]
  0x000001cb7cd2b2a0 JavaThread "Sweeper thread" daemon [_thread_blocked, id=5356, stack(0x000000a2e8200000,0x000000a2e8300000)]
  0x000001cb7cf5c700 JavaThread "Notification Thread" daemon [_thread_blocked, id=25792, stack(0x000000a2e8300000,0x000000a2e8400000)]
  0x000001cb7cf5ea70 JavaThread "Common-Cleaner" daemon [_thread_blocked, id=26384, stack(0x000000a2e8500000,0x000000a2e8600000)]

Other Threads:
  0x000001cb7ccf4430 VMThread "VM Thread" [stack: 0x000000a2e7900000,0x000000a2e7a00000] [id=30644]
  0x000001cb7cf5fca0 WatcherThread [stack: 0x000000a2e8400000,0x000000a2e8500000] [id=27820]
  0x000001cb6da6f5a0 GCTaskThread "GC Thread#0" [stack: 0x000000a2e7400000,0x000000a2e7500000] [id=111392]
  0x000001cb7d44c2e0 GCTaskThread "GC Thread#1" [stack: 0x000000a2e8600000,0x000000a2e8700000] [id=37448]
  0x000001cb7d44c5a0 GCTaskThread "GC Thread#2" [stack: 0x000000a2e8700000,0x000000a2e8800000] [id=40884]
  0x000001cb7d4d9870 GCTaskThread "GC Thread#3" [stack: 0x000000a2e8800000,0x000000a2e8900000] [id=56508]
  0x000001cb7d4f9870 GCTaskThread "GC Thread#4" [stack: 0x000000a2e8900000,0x000000a2e8a00000] [id=42468]
  0x000001cb7d4f9b30 GCTaskThread "GC Thread#5" [stack: 0x000000a2e8a00000,0x000000a2e8b00000] [id=20104]
  0x000001cb7d825b70 GCTaskThread "GC Thread#6" [stack: 0x000000a2e8b00000,0x000000a2e8c00000] [id=33680]
  0x000001cb7d926650 GCTaskThread "GC Thread#7" [stack: 0x000000a2e8c00000,0x000000a2e8d00000] [id=121448]
  0x000001cb6da7ff30 ConcurrentGCThread "G1 Main Marker" [stack: 0x000000a2e7500000,0x000000a2e7600000] [id=5316]
  0x000001cb6da80fe0 ConcurrentGCThread "G1 Conc#0" [stack: 0x000000a2e7600000,0x000000a2e7700000] [id=25976]
  0x000001cb7e57b4d0 ConcurrentGCThread "G1 Conc#1" [stack: 0x000000a2e8d00000,0x000000a2e8e00000] [id=41940]
  0x000001cb6dacec10 ConcurrentGCThread "G1 Refine#0" [stack: 0x000000a2e7700000,0x000000a2e7800000] [id=116808]
  0x000001cb7d823550 ConcurrentGCThread "G1 Refine#1" [stack: 0x000000a2e8e00000,0x000000a2e8f00000] [id=27728]
  0x000001cb7d823840 ConcurrentGCThread "G1 Refine#2" [stack: 0x000000a2e8f00000,0x000000a2e9000000] [id=50536]
  0x000001cb7d8226a0 ConcurrentGCThread "G1 Refine#3" [stack: 0x000000a2e9000000,0x000000a2e9100000] [id=46104]
  0x000001cb7cbab750 ConcurrentGCThread "G1 Service" [stack: 0x000000a2e7800000,0x000000a2e7900000] [id=119828]

Threads with active compile tasks:
C2 CompilerThread0    12693 5924   !   4       jdk.internal.loader.BuiltinClassLoader::loadClassOrNull (143 bytes)
C1 CompilerThread0    12694 6055       3       org.jetbrains.kotlin.backend.jvm.ir.IrInlineReferenceLocator::visitElement (13 bytes)

VM state: not at safepoint (normal execution)

VM Mutex/Monitor currently owned by a thread: None

Heap address: 0x0000000082600000, size: 2010 MB, Compressed Oops mode: 32-bit

CDS archive(s) mapped at: [0x000001cb0f000000-0x000001cb0fbd0000-0x000001cb0fbd0000), size 12386304, SharedBaseAddress: 0x000001cb0f000000, ArchiveRelocationMode: 1.
Compressed class space mapped at: 0x000001cb10000000-0x000001cb50000000, reserved size: 1073741824
Narrow klass base: 0x000001cb0f000000, Narrow klass shift: 0, Narrow klass range: 0x100000000

GC Precious Log:
 CPUs: 8 total, 8 available
 Memory: 8039M
 Large Page Support: Disabled
 NUMA Support: Disabled
 Compressed Oops: Enabled (32-bit)
 Heap Region Size: 1M
 Heap Min Capacity: 8M
 Heap Initial Capacity: 126M
 Heap Max Capacity: 2010M
 Pre-touch: Disabled
 Parallel Workers: 8
 Concurrent Workers: 2
 Concurrent Refinement Workers: 8
 Periodic GC: Disabled

Heap:
 garbage-first heap   total 137216K, used 71027K [0x0000000082600000, 0x0000000100000000)
  region size 1024K, 31 young (31744K), 8 survivors (8192K)
 Metaspace       used 55691K, committed 56000K, reserved 1114112K
  class space    used 6511K, committed 6656K, reserved 1048576K

Heap Regions: E=young(eden), S=young(survivor), O=old, HS=humongous(starts), HC=humongous(continues), CS=collection set, F=free, OA=open archive, CA=closed archive, TAMS=top-at-mark-start (previous, next)
|   0|0x0000000082600000, 0x0000000082700000, 0x0000000082700000|100%|HS|  |TAMS 0x0000000082700000, 0x0000000082600000| Complete 
|   1|0x0000000082700000, 0x0000000082800000, 0x0000000082800000|100%|HC|  |TAMS 0x0000000082800000, 0x0000000082700000| Complete 
|   2|0x0000000082800000, 0x0000000082900000, 0x0000000082900000|100%|HC|  |TAMS 0x0000000082900000, 0x0000000082800000| Complete 
|   3|0x0000000082900000, 0x0000000082a00000, 0x0000000082a00000|100%|HC|  |TAMS 0x0000000082a00000, 0x0000000082900000| Complete 
|   4|0x0000000082a00000, 0x0000000082b00000, 0x0000000082b00000|100%|HS|  |TAMS 0x0000000082b00000, 0x0000000082a00000| Complete 
|   5|0x0000000082b00000, 0x0000000082c00000, 0x0000000082c00000|100%|HC|  |TAMS 0x0000000082c00000, 0x0000000082b00000| Complete 
|   6|0x0000000082c00000, 0x0000000082d00000, 0x0000000082d00000|100%|HC|  |TAMS 0x0000000082d00000, 0x0000000082c00000| Complete 
|   7|0x0000000082d00000, 0x0000000082e00000, 0x0000000082e00000|100%|HC|  |TAMS 0x0000000082e00000, 0x0000000082d00000| Complete 
|   8|0x0000000082e00000, 0x0000000082f00000, 0x0000000082f00000|100%|HC|  |TAMS 0x0000000082f00000, 0x0000000082e00000| Complete 
|   9|0x0000000082f00000, 0x0000000083000000, 0x0000000083000000|100%|HC|  |TAMS 0x0000000083000000, 0x0000000082f00000| Complete 
|  10|0x0000000083000000, 0x0000000083100000, 0x0000000083100000|100%|HS|  |TAMS 0x0000000083100000, 0x0000000083000000| Complete 
|  11|0x0000000083100000, 0x0000000083200000, 0x0000000083200000|100%| O|  |TAMS 0x0000000083200000, 0x0000000083100000| Untracked 
|  12|0x0000000083200000, 0x0000000083300000, 0x0000000083300000|100%| O|  |TAMS 0x0000000083300000, 0x0000000083200000| Untracked 
|  13|0x0000000083300000, 0x0000000083400000, 0x0000000083400000|100%| O|  |TAMS 0x0000000083400000, 0x0000000083300000| Untracked 
|  14|0x0000000083400000, 0x0000000083500000, 0x0000000083500000|100%|HS|  |TAMS 0x0000000083500000, 0x0000000083400000| Complete 
|  15|0x0000000083500000, 0x0000000083600000, 0x0000000083600000|100%|HS|  |TAMS 0x0000000083600000, 0x0000000083500000| Complete 
|  16|0x0000000083600000, 0x0000000083700000, 0x0000000083700000|100%| O|  |TAMS 0x0000000083700000, 0x0000000083600000| Untracked 
|  17|0x0000000083700000, 0x0000000083800000, 0x0000000083800000|100%| O|  |TAMS 0x0000000083800000, 0x0000000083700000| Untracked 
|  18|0x0000000083800000, 0x0000000083900000, 0x0000000083900000|100%| O|  |TAMS 0x0000000083900000, 0x0000000083800000| Untracked 
|  19|0x0000000083900000, 0x0000000083a00000, 0x0000000083a00000|100%| O|  |TAMS 0x0000000083a00000, 0x0000000083900000| Untracked 
|  20|0x0000000083a00000, 0x0000000083b00000, 0x0000000083b00000|100%| O|  |TAMS 0x0000000083b00000, 0x0000000083a00000| Untracked 
|  21|0x0000000083b00000, 0x0000000083c00000, 0x0000000083c00000|100%| O|  |TAMS 0x0000000083c00000, 0x0000000083b00000| Untracked 
|  22|0x0000000083c00000, 0x0000000083d00000, 0x0000000083d00000|100%| O|  |TAMS 0x0000000083d00000, 0x0000000083c00000| Untracked 
|  23|0x0000000083d00000, 0x0000000083e00000, 0x0000000083e00000|100%| O|  |TAMS 0x0000000083e00000, 0x0000000083d00000| Untracked 
|  24|0x0000000083e00000, 0x0000000083f00000, 0x0000000083f00000|100%| O|  |TAMS 0x0000000083f00000, 0x0000000083e00000| Untracked 
|  25|0x0000000083f00000, 0x0000000084000000, 0x0000000084000000|100%| O|  |TAMS 0x0000000084000000, 0x0000000083f00000| Untracked 
|  26|0x0000000084000000, 0x0000000084100000, 0x0000000084100000|100%| O|  |TAMS 0x0000000084100000, 0x0000000084000000| Untracked 
|  27|0x0000000084100000, 0x0000000084200000, 0x0000000084200000|100%| O|  |TAMS 0x0000000084200000, 0x0000000084100000| Untracked 
|  28|0x0000000084200000, 0x0000000084300000, 0x0000000084300000|100%| O|  |TAMS 0x0000000084300000, 0x0000000084200000| Untracked 
|  29|0x0000000084300000, 0x0000000084400000, 0x0000000084400000|100%| O|  |TAMS 0x0000000084400000, 0x0000000084300000| Untracked 
|  30|0x0000000084400000, 0x0000000084500000, 0x0000000084500000|100%| O|  |TAMS 0x0000000084500000, 0x0000000084400000| Untracked 
|  31|0x0000000084500000, 0x0000000084600000, 0x0000000084600000|100%| O|  |TAMS 0x0000000084600000, 0x0000000084500000| Untracked 
|  32|0x0000000084600000, 0x0000000084700000, 0x0000000084700000|100%| O|  |TAMS 0x0000000084700000, 0x0000000084600000| Untracked 
|  33|0x0000000084700000, 0x0000000084800000, 0x0000000084800000|100%| O|  |TAMS 0x0000000084800000, 0x0000000084700000| Untracked 
|  34|0x0000000084800000, 0x0000000084900000, 0x0000000084900000|100%| O|  |TAMS 0x0000000084900000, 0x0000000084800000| Untracked 
|  35|0x0000000084900000, 0x00000000849cfe00, 0x0000000084a00000| 81%| O|  |TAMS 0x00000000849cfe00, 0x0000000084900000| Untracked 
|  36|0x0000000084a00000, 0x0000000084b00000, 0x0000000084b00000|100%| O|  |TAMS 0x0000000084a00000, 0x0000000084a00000| Untracked 
|  37|0x0000000084b00000, 0x0000000084c00000, 0x0000000084c00000|100%| O|  |TAMS 0x0000000084b00000, 0x0000000084b00000| Untracked 
|  38|0x0000000084c00000, 0x0000000084d00000, 0x0000000084d00000|100%| O|  |TAMS 0x0000000084c00000, 0x0000000084c00000| Untracked 
|  39|0x0000000084d00000, 0x0000000084d8ce00, 0x0000000084e00000| 55%| O|  |TAMS 0x0000000084d00000, 0x0000000084d00000| Untracked 
|  40|0x0000000084e00000, 0x0000000084e00000, 0x0000000084f00000|  0%| F|  |TAMS 0x0000000084e00000, 0x0000000084e00000| Untracked 
|  41|0x0000000084f00000, 0x0000000084f00000, 0x0000000085000000|  0%| F|  |TAMS 0x0000000084f00000, 0x0000000084f00000| Untracked 
|  42|0x0000000085000000, 0x0000000085000000, 0x0000000085100000|  0%| F|  |TAMS 0x0000000085000000, 0x0000000085000000| Untracked 
|  43|0x0000000085100000, 0x0000000085100000, 0x0000000085200000|  0%| F|  |TAMS 0x0000000085100000, 0x0000000085100000| Untracked 
|  44|0x0000000085200000, 0x0000000085200000, 0x0000000085300000|  0%| F|  |TAMS 0x0000000085200000, 0x0000000085200000| Untracked 
|  45|0x0000000085300000, 0x0000000085300000, 0x0000000085400000|  0%| F|  |TAMS 0x0000000085300000, 0x0000000085300000| Untracked 
|  46|0x0000000085400000, 0x0000000085400000, 0x0000000085500000|  0%| F|  |TAMS 0x0000000085400000, 0x0000000085400000| Untracked 
|  47|0x0000000085500000, 0x0000000085500000, 0x0000000085600000|  0%| F|  |TAMS 0x0000000085500000, 0x0000000085500000| Untracked 
|  48|0x0000000085600000, 0x0000000085600000, 0x0000000085700000|  0%| F|  |TAMS 0x0000000085600000, 0x0000000085600000| Untracked 
|  49|0x0000000085700000, 0x0000000085700000, 0x0000000085800000|  0%| F|  |TAMS 0x0000000085700000, 0x0000000085700000| Untracked 
|  50|0x0000000085800000, 0x0000000085800000, 0x0000000085900000|  0%| F|  |TAMS 0x0000000085800000, 0x0000000085800000| Untracked 
|  51|0x0000000085900000, 0x0000000085900000, 0x0000000085a00000|  0%| F|  |TAMS 0x0000000085900000, 0x0000000085900000| Untracked 
|  52|0x0000000085a00000, 0x0000000085a00000, 0x0000000085b00000|  0%| F|  |TAMS 0x0000000085a00000, 0x0000000085a00000| Untracked 
|  53|0x0000000085b00000, 0x0000000085b00000, 0x0000000085c00000|  0%| F|  |TAMS 0x0000000085b00000, 0x0000000085b00000| Untracked 
|  54|0x0000000085c00000, 0x0000000085c00000, 0x0000000085d00000|  0%| F|  |TAMS 0x0000000085c00000, 0x0000000085c00000| Untracked 
|  55|0x0000000085d00000, 0x0000000085d00000, 0x0000000085e00000|  0%| F|  |TAMS 0x0000000085d00000, 0x0000000085d00000| Untracked 
|  56|0x0000000085e00000, 0x0000000085e00000, 0x0000000085f00000|  0%| F|  |TAMS 0x0000000085e00000, 0x0000000085e00000| Untracked 
|  57|0x0000000085f00000, 0x0000000085f00000, 0x0000000086000000|  0%| F|  |TAMS 0x0000000085f00000, 0x0000000085f00000| Untracked 
|  58|0x0000000086000000, 0x0000000086000000, 0x0000000086100000|  0%| F|  |TAMS 0x0000000086000000, 0x0000000086000000| Untracked 
|  59|0x0000000086100000, 0x0000000086100000, 0x0000000086200000|  0%| F|  |TAMS 0x0000000086100000, 0x0000000086100000| Untracked 
|  60|0x0000000086200000, 0x0000000086200000, 0x0000000086300000|  0%| F|  |TAMS 0x0000000086200000, 0x0000000086200000| Untracked 
|  61|0x0000000086300000, 0x0000000086300000, 0x0000000086400000|  0%| F|  |TAMS 0x0000000086300000, 0x0000000086300000| Untracked 
|  62|0x0000000086400000, 0x0000000086400000, 0x0000000086500000|  0%| F|  |TAMS 0x0000000086400000, 0x0000000086400000| Untracked 
|  63|0x0000000086500000, 0x0000000086500000, 0x0000000086600000|  0%| F|  |TAMS 0x0000000086500000, 0x0000000086500000| Untracked 
|  64|0x0000000086600000, 0x0000000086600000, 0x0000000086700000|  0%| F|  |TAMS 0x0000000086600000, 0x0000000086600000| Untracked 
|  65|0x0000000086700000, 0x0000000086700000, 0x0000000086800000|  0%| F|  |TAMS 0x0000000086700000, 0x0000000086700000| Untracked 
|  66|0x0000000086800000, 0x0000000086800000, 0x0000000086900000|  0%| F|  |TAMS 0x0000000086800000, 0x0000000086800000| Untracked 
|  67|0x0000000086900000, 0x0000000086900000, 0x0000000086a00000|  0%| F|  |TAMS 0x0000000086900000, 0x0000000086900000| Untracked 
|  68|0x0000000086a00000, 0x0000000086b00000, 0x0000000086b00000|100%| S|CS|TAMS 0x0000000086a00000, 0x0000000086a00000| Complete 
|  69|0x0000000086b00000, 0x0000000086c00000, 0x0000000086c00000|100%| S|CS|TAMS 0x0000000086b00000, 0x0000000086b00000| Complete 
|  70|0x0000000086c00000, 0x0000000086c00000, 0x0000000086d00000|  0%| F|  |TAMS 0x0000000086c00000, 0x0000000086c00000| Untracked 
|  71|0x0000000086d00000, 0x0000000086d00000, 0x0000000086e00000|  0%| F|  |TAMS 0x0000000086d00000, 0x0000000086d00000| Untracked 
|  72|0x0000000086e00000, 0x0000000086e00000, 0x0000000086f00000|  0%| F|  |TAMS 0x0000000086e00000, 0x0000000086e00000| Untracked 
|  73|0x0000000086f00000, 0x0000000086f00000, 0x0000000087000000|  0%| F|  |TAMS 0x0000000086f00000, 0x0000000086f00000| Untracked 
|  74|0x0000000087000000, 0x0000000087000000, 0x0000000087100000|  0%| F|  |TAMS 0x0000000087000000, 0x0000000087000000| Untracked 
|  75|0x0000000087100000, 0x0000000087100000, 0x0000000087200000|  0%| F|  |TAMS 0x0000000087100000, 0x0000000087100000| Untracked 
|  76|0x0000000087200000, 0x0000000087300000, 0x0000000087300000|100%| S|CS|TAMS 0x0000000087200000, 0x0000000087200000| Complete 
|  77|0x0000000087300000, 0x0000000087400000, 0x0000000087400000|100%| S|CS|TAMS 0x0000000087300000, 0x0000000087300000| Complete 
|  78|0x0000000087400000, 0x0000000087500000, 0x0000000087500000|100%| S|CS|TAMS 0x0000000087400000, 0x0000000087400000| Complete 
|  79|0x0000000087500000, 0x0000000087600000, 0x0000000087600000|100%| S|CS|TAMS 0x0000000087500000, 0x0000000087500000| Complete 
|  80|0x0000000087600000, 0x0000000087700000, 0x0000000087700000|100%| S|CS|TAMS 0x0000000087600000, 0x0000000087600000| Complete 
|  81|0x0000000087700000, 0x0000000087800000, 0x0000000087800000|100%| S|CS|TAMS 0x0000000087700000, 0x0000000087700000| Complete 
|  82|0x0000000087800000, 0x0000000087800000, 0x0000000087900000|  0%| F|  |TAMS 0x0000000087800000, 0x0000000087800000| Untracked 
|  83|0x0000000087900000, 0x0000000087900000, 0x0000000087a00000|  0%| F|  |TAMS 0x0000000087900000, 0x0000000087900000| Untracked 
|  84|0x0000000087a00000, 0x0000000087a00000, 0x0000000087b00000|  0%| F|  |TAMS 0x0000000087a00000, 0x0000000087a00000| Untracked 
|  85|0x0000000087b00000, 0x0000000087b00000, 0x0000000087c00000|  0%| F|  |TAMS 0x0000000087b00000, 0x0000000087b00000| Untracked 
|  86|0x0000000087c00000, 0x0000000087c00000, 0x0000000087d00000|  0%| F|  |TAMS 0x0000000087c00000, 0x0000000087c00000| Untracked 
|  87|0x0000000087d00000, 0x0000000087d00000, 0x0000000087e00000|  0%| F|  |TAMS 0x0000000087d00000, 0x0000000087d00000| Untracked 
|  88|0x0000000087e00000, 0x0000000087e00000, 0x0000000087f00000|  0%| F|  |TAMS 0x0000000087e00000, 0x0000000087e00000| Untracked 
|  89|0x0000000087f00000, 0x0000000087f00000, 0x0000000088000000|  0%| F|  |TAMS 0x0000000087f00000, 0x0000000087f00000| Untracked 
|  90|0x0000000088000000, 0x0000000088000000, 0x0000000088100000|  0%| F|  |TAMS 0x0000000088000000, 0x0000000088000000| Untracked 
|  91|0x0000000088100000, 0x0000000088100000, 0x0000000088200000|  0%| F|  |TAMS 0x0000000088100000, 0x0000000088100000| Untracked 
|  92|0x0000000088200000, 0x0000000088200000, 0x0000000088300000|  0%| F|  |TAMS 0x0000000088200000, 0x0000000088200000| Untracked 
|  93|0x0000000088300000, 0x0000000088300000, 0x0000000088400000|  0%| F|  |TAMS 0x0000000088300000, 0x0000000088300000| Untracked 
|  94|0x0000000088400000, 0x0000000088400000, 0x0000000088500000|  0%| F|  |TAMS 0x0000000088400000, 0x0000000088400000| Untracked 
|  95|0x0000000088500000, 0x0000000088500000, 0x0000000088600000|  0%| F|  |TAMS 0x0000000088500000, 0x0000000088500000| Untracked 
|  96|0x0000000088600000, 0x0000000088600000, 0x0000000088700000|  0%| F|  |TAMS 0x0000000088600000, 0x0000000088600000| Untracked 
|  97|0x0000000088700000, 0x0000000088700000, 0x0000000088800000|  0%| F|  |TAMS 0x0000000088700000, 0x0000000088700000| Untracked 
|  98|0x0000000088800000, 0x0000000088800000, 0x0000000088900000|  0%| F|  |TAMS 0x0000000088800000, 0x0000000088800000| Untracked 
|  99|0x0000000088900000, 0x0000000088900000, 0x0000000088a00000|  0%| F|  |TAMS 0x0000000088900000, 0x0000000088900000| Untracked 
| 100|0x0000000088a00000, 0x0000000088a00000, 0x0000000088b00000|  0%| F|  |TAMS 0x0000000088a00000, 0x0000000088a00000| Untracked 
| 101|0x0000000088b00000, 0x0000000088b00000, 0x0000000088c00000|  0%| F|  |TAMS 0x0000000088b00000, 0x0000000088b00000| Untracked 
| 102|0x0000000088c00000, 0x0000000088c00000, 0x0000000088d00000|  0%| F|  |TAMS 0x0000000088c00000, 0x0000000088c00000| Untracked 
| 103|0x0000000088d00000, 0x0000000088d00000, 0x0000000088e00000|  0%| F|  |TAMS 0x0000000088d00000, 0x0000000088d00000| Untracked 
| 104|0x0000000088e00000, 0x0000000088e00000, 0x0000000088f00000|  0%| F|  |TAMS 0x0000000088e00000, 0x0000000088e00000| Untracked 
| 105|0x0000000088f00000, 0x0000000088f00000, 0x0000000089000000|  0%| F|  |TAMS 0x0000000088f00000, 0x0000000088f00000| Untracked 
| 106|0x0000000089000000, 0x0000000089000000, 0x0000000089100000|  0%| F|  |TAMS 0x0000000089000000, 0x0000000089000000| Untracked 
| 107|0x0000000089100000, 0x0000000089100000, 0x0000000089200000|  0%| F|  |TAMS 0x0000000089100000, 0x0000000089100000| Untracked 
| 108|0x0000000089200000, 0x0000000089200000, 0x0000000089300000|  0%| F|  |TAMS 0x0000000089200000, 0x0000000089200000| Untracked 
| 109|0x0000000089300000, 0x0000000089300000, 0x0000000089400000|  0%| F|  |TAMS 0x0000000089300000, 0x0000000089300000| Untracked 
| 110|0x0000000089400000, 0x0000000089400000, 0x0000000089500000|  0%| F|  |TAMS 0x0000000089400000, 0x0000000089400000| Untracked 
| 111|0x0000000089500000, 0x0000000089600000, 0x0000000089600000|100%| E|  |TAMS 0x0000000089500000, 0x0000000089500000| Complete 
| 112|0x0000000089600000, 0x0000000089700000, 0x0000000089700000|100%| E|CS|TAMS 0x0000000089600000, 0x0000000089600000| Complete 
| 113|0x0000000089700000, 0x0000000089800000, 0x0000000089800000|100%| E|CS|TAMS 0x0000000089700000, 0x0000000089700000| Complete 
| 114|0x0000000089800000, 0x0000000089900000, 0x0000000089900000|100%| E|CS|TAMS 0x0000000089800000, 0x0000000089800000| Complete 
| 115|0x0000000089900000, 0x0000000089a00000, 0x0000000089a00000|100%| E|CS|TAMS 0x0000000089900000, 0x0000000089900000| Complete 
| 116|0x0000000089a00000, 0x0000000089b00000, 0x0000000089b00000|100%| E|CS|TAMS 0x0000000089a00000, 0x0000000089a00000| Complete 
| 117|0x0000000089b00000, 0x0000000089c00000, 0x0000000089c00000|100%| E|CS|TAMS 0x0000000089b00000, 0x0000000089b00000| Complete 
| 118|0x0000000089c00000, 0x0000000089d00000, 0x0000000089d00000|100%| E|CS|TAMS 0x0000000089c00000, 0x0000000089c00000| Complete 
| 119|0x0000000089d00000, 0x0000000089e00000, 0x0000000089e00000|100%| E|CS|TAMS 0x0000000089d00000, 0x0000000089d00000| Complete 
| 120|0x0000000089e00000, 0x0000000089f00000, 0x0000000089f00000|100%| E|CS|TAMS 0x0000000089e00000, 0x0000000089e00000| Complete 
| 121|0x0000000089f00000, 0x000000008a000000, 0x000000008a000000|100%| E|CS|TAMS 0x0000000089f00000, 0x0000000089f00000| Complete 
| 122|0x000000008a000000, 0x000000008a100000, 0x000000008a100000|100%| E|CS|TAMS 0x000000008a000000, 0x000000008a000000| Complete 
| 123|0x000000008a100000, 0x000000008a200000, 0x000000008a200000|100%| E|CS|TAMS 0x000000008a100000, 0x000000008a100000| Complete 
| 124|0x000000008a200000, 0x000000008a300000, 0x000000008a300000|100%| E|CS|TAMS 0x000000008a200000, 0x000000008a200000| Complete 
| 125|0x000000008a300000, 0x000000008a400000, 0x000000008a400000|100%| E|CS|TAMS 0x000000008a300000, 0x000000008a300000| Complete 
| 126|0x000000008a400000, 0x000000008a500000, 0x000000008a500000|100%| E|CS|TAMS 0x000000008a400000, 0x000000008a400000| Complete 
| 127|0x000000008a500000, 0x000000008a600000, 0x000000008a600000|100%| E|CS|TAMS 0x000000008a500000, 0x000000008a500000| Complete 
| 128|0x000000008a600000, 0x000000008a700000, 0x000000008a700000|100%| E|CS|TAMS 0x000000008a600000, 0x000000008a600000| Complete 
| 129|0x000000008a700000, 0x000000008a800000, 0x000000008a800000|100%| E|CS|TAMS 0x000000008a700000, 0x000000008a700000| Complete 
| 130|0x000000008a800000, 0x000000008a900000, 0x000000008a900000|100%| E|CS|TAMS 0x000000008a800000, 0x000000008a800000| Complete 
| 131|0x000000008a900000, 0x000000008aa00000, 0x000000008aa00000|100%| E|CS|TAMS 0x000000008a900000, 0x000000008a900000| Complete 
| 132|0x000000008aa00000, 0x000000008ab00000, 0x000000008ab00000|100%| E|CS|TAMS 0x000000008aa00000, 0x000000008aa00000| Complete 
| 144|0x000000008b600000, 0x000000008b700000, 0x000000008b700000|100%| E|CS|TAMS 0x000000008b600000, 0x000000008b600000| Complete 

Card table byte_map: [0x000001cb75c30000,0x000001cb76020000] _byte_map_base: 0x000001cb7581d000

Marking Bits (Prev, Next): (CMBitMap*) 0x000001cb6da6fb00, (CMBitMap*) 0x000001cb6da6fac0
 Prev Bits: [0x000001cb78380000, 0x000001cb7a2e8000)
 Next Bits: [0x000001cb76410000, 0x000001cb78378000)

Polling page: 0x000001cb6d1d0000

Metaspace:

Usage:
  Non-class:     48.07 MB used.
      Class:      6.36 MB used.
       Both:     54.43 MB used.

Virtual space:
  Non-class space:       64.00 MB reserved,      48.25 MB ( 75%) committed,  1 nodes.
      Class space:        1.00 GB reserved,       6.50 MB ( <1%) committed,  1 nodes.
             Both:        1.06 GB reserved,      54.75 MB (  5%) committed. 

Chunk freelists:
   Non-Class:  14.72 MB
       Class:  9.44 MB
        Both:  24.16 MB

MaxMetaspaceSize: unlimited
CompressedClassSpaceSize: 1.00 GB
Initial GC threshold: 21.00 MB
Current GC threshold: 68.75 MB
CDS: on
MetaspaceReclaimPolicy: balanced
 - commit_granule_bytes: 65536.
 - commit_granule_words: 8192.
 - virtual_space_node_default_size: 8388608.
 - enlarge_chunks_in_place: 1.
 - new_chunks_are_fully_committed: 0.
 - uncommit_free_chunks: 1.
 - use_allocation_guard: 0.
 - handle_deallocations: 1.


Internal statistics:

num_allocs_failed_limit: 9.
num_arena_births: 244.
num_arena_deaths: 0.
num_vsnodes_births: 2.
num_vsnodes_deaths: 0.
num_space_committed: 874.
num_space_uncommitted: 0.
num_chunks_returned_to_freelist: 9.
num_chunks_taken_from_freelist: 2148.
num_chunk_merges: 9.
num_chunk_splits: 1802.
num_chunks_enlarged: 1640.
num_inconsistent_stats: 0.

CodeHeap 'non-profiled nmethods': size=120000Kb used=2345Kb max_used=2345Kb free=117654Kb
 bounds [0x000001cb07ad0000, 0x000001cb07d40000, 0x000001cb0f000000]
CodeHeap 'profiled nmethods': size=120000Kb used=12593Kb max_used=12593Kb free=107406Kb
 bounds [0x000001cb00000000, 0x000001cb00c50000, 0x000001cb07530000]
CodeHeap 'non-nmethods': size=5760Kb used=1382Kb max_used=1424Kb free=4377Kb
 bounds [0x000001cb07530000, 0x000001cb077a0000, 0x000001cb07ad0000]
 total_blobs=6761 nmethods=6045 adapters=626
 compilation: enabled
              stopped_count=0, restarted_count=0
 full_count=0

Compilation events (20 events):
Event: 12.635 Thread 0x000001cb7cd211b0 nmethod 6015 0x000001cb00c23c10 code [0x000001cb00c23e20, 0x000001cb00c24498]
Event: 12.635 Thread 0x000001cb7cd211b0 6012       3       org.jetbrains.kotlin.backend.common.IrElementTransformerVoidWithContext::createScope (31 bytes)
Event: 12.636 Thread 0x000001cb7cd211b0 nmethod 6012 0x000001cb00c24710 code [0x000001cb00c24a60, 0x000001cb00c25f48]
Event: 12.636 Thread 0x000001cb7cd211b0 6013       3       org.jetbrains.kotlin.backend.common.ScopeWithIr::<init> (27 bytes)
Event: 12.637 Thread 0x000001cb7cd211b0 nmethod 6013 0x000001cb00c26690 code [0x000001cb00c26920, 0x000001cb00c27498]
Event: 12.638 Thread 0x000001cb7cd211b0 6014       3       org.jetbrains.kotlin.backend.common.UtilsKt::push (14 bytes)
Event: 12.638 Thread 0x000001cb7cd211b0 nmethod 6014 0x000001cb00c27890 code [0x000001cb00c27aa0, 0x000001cb00c28108]
Event: 12.638 Thread 0x000001cb7cd211b0 6016       3       org.jetbrains.kotlin.backend.common.UtilsKt::pop (21 bytes)
Event: 12.639 Thread 0x000001cb7cd211b0 nmethod 6016 0x000001cb00c28390 code [0x000001cb00c285c0, 0x000001cb00c28cd8]
Event: 12.639 Thread 0x000001cb7cd211b0 6011       3       org.jetbrains.kotlin.ir.visitors.IrElementTransformerVoid::visitFunction (15 bytes)
Event: 12.640 Thread 0x000001cb7cd211b0 nmethod 6011 0x000001cb00c28f90 code [0x000001cb00c29220, 0x000001cb00c29e48]
Event: 12.640 Thread 0x000001cb7cd211b0 6010       3       org.jetbrains.kotlin.ir.visitors.IrElementTransformerVoid::visitCall (13 bytes)
Event: 12.642 Thread 0x000001cb7cd211b0 nmethod 6010 0x000001cb00c2a290 code [0x000001cb00c2a5a0, 0x000001cb00c2b728]
Event: 12.642 Thread 0x000001cb7cd211b0 6018       3       org.jetbrains.kotlin.ir.visitors.IrElementTransformer$DefaultImpls::visitFunction (18 bytes)
Event: 12.643 Thread 0x000001cb7cd211b0 nmethod 6018 0x000001cb00c2bc90 code [0x000001cb00c2bea0, 0x000001cb00c2c528]
Event: 12.643 Thread 0x000001cb7cd211b0 6017       3       org.jetbrains.kotlin.ir.visitors.IrElementTransformer$DefaultImpls::visitCall (18 bytes)
Event: 12.643 Thread 0x000001cb7cd211b0 nmethod 6017 0x000001cb00c2c790 code [0x000001cb00c2c9a0, 0x000001cb00c2d028]
Event: 12.645 Thread 0x000001cb7cd211b0 6020       1       org.jetbrains.kotlin.ir.declarations.impl.IrVariableImpl::getInitializer (5 bytes)
Event: 12.645 Thread 0x000001cb7cd211b0 nmethod 6020 0x000001cb07d18910 code [0x000001cb07d18aa0, 0x000001cb07d18b78]
Event: 12.645 Thread 0x000001cb7cd211b0 6021       3       org.jetbrains.kotlin.ir.expressions.IrExpressionsKt::checkArgumentSlotAccess (145 bytes)

GC Heap History (20 events):
Event: 1.095 GC heap before
{Heap before GC invocations=0 (full 0):
 garbage-first heap   total 129024K, used 27648K [0x0000000082600000, 0x0000000100000000)
  region size 1024K, 23 young (23552K), 0 survivors (0K)
 Metaspace       used 7208K, committed 7360K, reserved 1114112K
  class space    used 756K, committed 832K, reserved 1048576K
}
Event: 1.101 GC heap after
{Heap after GC invocations=1 (full 0):
 garbage-first heap   total 129024K, used 6939K [0x0000000082600000, 0x0000000100000000)
  region size 1024K, 3 young (3072K), 3 survivors (3072K)
 Metaspace       used 7208K, committed 7360K, reserved 1114112K
  class space    used 756K, committed 832K, reserved 1048576K
}
Event: 2.329 GC heap before
{Heap before GC invocations=1 (full 0):
 garbage-first heap   total 129024K, used 46875K [0x0000000082600000, 0x0000000100000000)
  region size 1024K, 36 young (36864K), 3 survivors (3072K)
 Metaspace       used 16870K, committed 17152K, reserved 1114112K
  class space    used 2228K, committed 2368K, reserved 1048576K
}
Event: 2.341 GC heap after
{Heap after GC invocations=2 (full 0):
 garbage-first heap   total 129024K, used 17167K [0x0000000082600000, 0x0000000100000000)
  region size 1024K, 4 young (4096K), 4 survivors (4096K)
 Metaspace       used 16870K, committed 17152K, reserved 1114112K
  class space    used 2228K, committed 2368K, reserved 1048576K
}
Event: 3.634 GC heap before
{Heap before GC invocations=2 (full 0):
 garbage-first heap   total 129024K, used 74511K [0x0000000082600000, 0x0000000100000000)
  region size 1024K, 59 young (60416K), 4 survivors (4096K)
 Metaspace       used 21297K, committed 21504K, reserved 1114112K
  class space    used 2905K, committed 3008K, reserved 1048576K
}
Event: 3.674 GC heap after
{Heap after GC invocations=3 (full 0):
 garbage-first heap   total 129024K, used 22775K [0x0000000082600000, 0x0000000100000000)
  region size 1024K, 10 young (10240K), 10 survivors (10240K)
 Metaspace       used 21297K, committed 21504K, reserved 1114112K
  class space    used 2905K, committed 3008K, reserved 1048576K
}
Event: 4.007 GC heap before
{Heap before GC invocations=4 (full 0):
 garbage-first heap   total 81920K, used 38135K [0x0000000082600000, 0x0000000100000000)
  region size 1024K, 17 young (17408K), 10 survivors (10240K)
 Metaspace       used 22058K, committed 22272K, reserved 1114112K
  class space    used 3000K, committed 3136K, reserved 1048576K
}
Event: 4.051 GC heap after
{Heap after GC invocations=5 (full 0):
 garbage-first heap   total 81920K, used 33391K [0x0000000082600000, 0x0000000100000000)
  region size 1024K, 2 young (2048K), 2 survivors (2048K)
 Metaspace       used 22058K, committed 22272K, reserved 1114112K
  class space    used 3000K, committed 3136K, reserved 1048576K
}
Event: 4.125 GC heap before
{Heap before GC invocations=5 (full 0):
 garbage-first heap   total 81920K, used 35439K [0x0000000082600000, 0x0000000100000000)
  region size 1024K, 4 young (4096K), 2 survivors (2048K)
 Metaspace       used 22442K, committed 22720K, reserved 1114112K
  class space    used 3040K, committed 3136K, reserved 1048576K
}
Event: 4.137 GC heap after
{Heap after GC invocations=6 (full 0):
 garbage-first heap   total 81920K, used 34221K [0x0000000082600000, 0x0000000100000000)
  region size 1024K, 1 young (1024K), 1 survivors (1024K)
 Metaspace       used 22442K, committed 22720K, reserved 1114112K
  class space    used 3040K, committed 3136K, reserved 1048576K
}
Event: 5.055 GC heap before
{Heap before GC invocations=6 (full 0):
 garbage-first heap   total 81920K, used 60845K [0x0000000082600000, 0x0000000100000000)
  region size 1024K, 27 young (27648K), 1 survivors (1024K)
 Metaspace       used 27820K, committed 28096K, reserved 1114112K
  class space    used 3530K, committed 3648K, reserved 1048576K
}
Event: 5.067 GC heap after
{Heap after GC invocations=7 (full 0):
 garbage-first heap   total 81920K, used 36779K [0x0000000082600000, 0x0000000100000000)
  region size 1024K, 4 young (4096K), 4 survivors (4096K)
 Metaspace       used 27820K, committed 28096K, reserved 1114112K
  class space    used 3530K, committed 3648K, reserved 1048576K
}
Event: 6.204 GC heap before
{Heap before GC invocations=7 (full 0):
 garbage-first heap   total 81920K, used 60331K [0x0000000082600000, 0x0000000100000000)
  region size 1024K, 28 young (28672K), 4 survivors (4096K)
 Metaspace       used 33562K, committed 33792K, reserved 1114112K
  class space    used 4204K, committed 4288K, reserved 1048576K
}
Event: 6.225 GC heap after
{Heap after GC invocations=8 (full 0):
 garbage-first heap   total 81920K, used 38447K [0x0000000082600000, 0x0000000100000000)
  region size 1024K, 2 young (2048K), 2 survivors (2048K)
 Metaspace       used 33562K, committed 33792K, reserved 1114112K
  class space    used 4204K, committed 4288K, reserved 1048576K
}
Event: 6.707 GC heap before
{Heap before GC invocations=8 (full 0):
 garbage-first heap   total 81920K, used 46639K [0x0000000082600000, 0x0000000100000000)
  region size 1024K, 12 young (12288K), 2 survivors (2048K)
 Metaspace       used 35882K, committed 36096K, reserved 1114112K
  class space    used 4504K, committed 4608K, reserved 1048576K
}
Event: 6.720 GC heap after
{Heap after GC invocations=9 (full 0):
 garbage-first heap   total 148480K, used 39076K [0x0000000082600000, 0x0000000100000000)
  region size 1024K, 3 young (3072K), 3 survivors (3072K)
 Metaspace       used 35882K, committed 36096K, reserved 1114112K
  class space    used 4504K, committed 4608K, reserved 1048576K
}
Event: 8.672 GC heap before
{Heap before GC invocations=10 (full 0):
 garbage-first heap   total 137216K, used 99492K [0x0000000082600000, 0x0000000100000000)
  region size 1024K, 61 young (62464K), 3 survivors (3072K)
 Metaspace       used 41825K, committed 42112K, reserved 1114112K
  class space    used 5149K, committed 5312K, reserved 1048576K
}
Event: 8.689 GC heap after
{Heap after GC invocations=11 (full 0):
 garbage-first heap   total 137216K, used 43095K [0x0000000082600000, 0x0000000100000000)
  region size 1024K, 7 young (7168K), 7 survivors (7168K)
 Metaspace       used 41825K, committed 42112K, reserved 1114112K
  class space    used 5149K, committed 5312K, reserved 1048576K
}
Event: 11.428 GC heap before
{Heap before GC invocations=12 (full 0):
 garbage-first heap   total 137216K, used 96343K [0x0000000082600000, 0x0000000100000000)
  region size 1024K, 59 young (60416K), 7 survivors (7168K)
 Metaspace       used 49878K, committed 50240K, reserved 1114112K
  class space    used 5930K, committed 6080K, reserved 1048576K
}
Event: 11.460 GC heap after
{Heap after GC invocations=13 (full 0):
 garbage-first heap   total 137216K, used 48499K [0x0000000082600000, 0x0000000100000000)
  region size 1024K, 8 young (8192K), 8 survivors (8192K)
 Metaspace       used 49878K, committed 50240K, reserved 1114112K
  class space    used 5930K, committed 6080K, reserved 1048576K
}

Dll operation events (7 events):
Event: 0.011 Loaded shared library C:\Program Files\Microsoft\jdk-17.0.8.7-hotspot\bin\java.dll
Event: 0.039 Loaded shared library C:\Program Files\Microsoft\jdk-17.0.8.7-hotspot\bin\jsvml.dll
Event: 0.102 Loaded shared library C:\Program Files\Microsoft\jdk-17.0.8.7-hotspot\bin\net.dll
Event: 0.105 Loaded shared library C:\Program Files\Microsoft\jdk-17.0.8.7-hotspot\bin\nio.dll
Event: 0.157 Loaded shared library C:\Program Files\Microsoft\jdk-17.0.8.7-hotspot\bin\zip.dll
Event: 0.198 Loaded shared library C:\Program Files\Microsoft\jdk-17.0.8.7-hotspot\bin\jimage.dll
Event: 1.604 Loaded shared library C:\Program Files\Microsoft\jdk-17.0.8.7-hotspot\bin\verify.dll

Deoptimization events (20 events):
Event: 11.066 Thread 0x000001cb6da15bd0 Uncommon trap: trap_request=0xffffffc6 fr.pc=0x000001cb07c58d3c relative=0x000000000000089c
Event: 11.066 Thread 0x000001cb6da15bd0 Uncommon trap: reason=bimorphic_or_optimized_type_check action=maybe_recompile pc=0x000001cb07c58d3c method=org.jetbrains.kotlin.storage.LockBasedStorageManager$LockBasedLazyValue.invoke()Ljava/lang/Object; @ 181 c2
Event: 11.066 Thread 0x000001cb6da15bd0 DEOPT PACKING pc=0x000001cb07c58d3c sp=0x000000a2e73fe6e0
Event: 11.066 Thread 0x000001cb6da15bd0 DEOPT UNPACKING pc=0x000001cb075869a3 sp=0x000000a2e73fe698 mode 2
Event: 11.066 Thread 0x000001cb6da15bd0 Uncommon trap: trap_request=0xffffffc6 fr.pc=0x000001cb07c58d3c relative=0x000000000000089c
Event: 11.066 Thread 0x000001cb6da15bd0 Uncommon trap: reason=bimorphic_or_optimized_type_check action=maybe_recompile pc=0x000001cb07c58d3c method=org.jetbrains.kotlin.storage.LockBasedStorageManager$LockBasedLazyValue.invoke()Ljava/lang/Object; @ 181 c2
Event: 11.066 Thread 0x000001cb6da15bd0 DEOPT PACKING pc=0x000001cb07c58d3c sp=0x000000a2e73fe380
Event: 11.066 Thread 0x000001cb6da15bd0 DEOPT UNPACKING pc=0x000001cb075869a3 sp=0x000000a2e73fe338 mode 2
Event: 11.281 Thread 0x000001cb6da15bd0 DEOPT PACKING pc=0x000001cb00710ecb sp=0x000000a2e73fe030
Event: 11.281 Thread 0x000001cb6da15bd0 DEOPT UNPACKING pc=0x000001cb07587143 sp=0x000000a2e73fd538 mode 0
Event: 11.561 Thread 0x000001cb6da15bd0 Uncommon trap: trap_request=0xffffff45 fr.pc=0x000001cb07b8b19c relative=0x00000000000004dc
Event: 11.561 Thread 0x000001cb6da15bd0 Uncommon trap: reason=unstable_if action=reinterpret pc=0x000001cb07b8b19c method=java.util.HashMap.hash(Ljava/lang/Object;)I @ 1 c2
Event: 11.561 Thread 0x000001cb6da15bd0 DEOPT PACKING pc=0x000001cb07b8b19c sp=0x000000a2e73fd660
Event: 11.561 Thread 0x000001cb6da15bd0 DEOPT UNPACKING pc=0x000001cb075869a3 sp=0x000000a2e73fd508 mode 2
Event: 12.226 Thread 0x000001cb6da15bd0 DEOPT PACKING pc=0x000001cb00b9775c sp=0x000000a2e73fe1a0
Event: 12.226 Thread 0x000001cb6da15bd0 DEOPT UNPACKING pc=0x000001cb07587143 sp=0x000000a2e73fd648 mode 0
Event: 12.235 Thread 0x000001cb6da15bd0 DEOPT PACKING pc=0x000001cb00b49a84 sp=0x000000a2e73fd950
Event: 12.235 Thread 0x000001cb6da15bd0 DEOPT UNPACKING pc=0x000001cb07587143 sp=0x000000a2e73fcf98 mode 0
Event: 12.235 Thread 0x000001cb6da15bd0 DEOPT PACKING pc=0x000001cb00b4b9f4 sp=0x000000a2e73fdca0
Event: 12.235 Thread 0x000001cb6da15bd0 DEOPT UNPACKING pc=0x000001cb07587143 sp=0x000000a2e73fd2e8 mode 0

Classes unloaded (0 events):
No events

Classes redefined (0 events):
No events

Internal exceptions (20 events):
Event: 6.792 Thread 0x000001cb6da15bd0 Exception <a 'java/lang/NoSuchMethodError'{0x000000008aa09180}: 'java.lang.Object java.lang.invoke.DirectMethodHandle$Holder.invokeSpecial(java.lang.Object, java.lang.Object, java.lang.Object, java.lang.Object, java.lang.Object, int)'> (0x000000008aa09180) 
thrown [s\src\hotspot\share\interpreter\linkResolver.cpp, line 759]
Event: 6.792 Thread 0x000001cb6da15bd0 Exception <a 'java/lang/NoSuchMethodError'{0x000000008aa0de58}: 'java.lang.Object java.lang.invoke.Invokers$Holder.linkToTargetMethod(java.lang.Object, java.lang.Object, java.lang.Object, int, java.lang.Object)'> (0x000000008aa0de58) 
thrown [s\src\hotspot\share\interpreter\linkResolver.cpp, line 759]
Event: 6.832 Thread 0x000001cb6da15bd0 Exception <a 'java/lang/NoSuchMethodError'{0x000000008aadade0}: 'java.lang.Object java.lang.invoke.DirectMethodHandle$Holder.newInvokeSpecial(java.lang.Object, java.lang.Object, java.lang.Object, java.lang.Object, java.lang.Object)'> (0x000000008aadade0) 
thrown [s\src\hotspot\share\interpreter\linkResolver.cpp, line 759]
Event: 7.447 Thread 0x000001cb6da15bd0 Exception <a 'java/lang/NoSuchMethodError'{0x0000000089e424e0}: 'java.lang.Object java.lang.invoke.DirectMethodHandle$Holder.invokeSpecial(java.lang.Object, java.lang.Object, java.lang.Object, java.lang.Object, java.lang.Object, java.lang.Object, int)'> (0x0000000089e424e0) 
thrown [s\src\hotspot\share\interpreter\linkResolver.cpp, line 759]
Event: 7.448 Thread 0x000001cb6da15bd0 Exception <a 'java/lang/NoSuchMethodError'{0x0000000089e4bdd0}: 'java.lang.Object java.lang.invoke.DirectMethodHandle$Holder.newInvokeSpecial(java.lang.Object, java.lang.Object, java.lang.Object, java.lang.Object, java.lang.Object, java.lang.Object)'> (0x0000000089e4bdd0) 
thrown [s\src\hotspot\share\interpreter\linkResolver.cpp, line 759]
Event: 7.995 Thread 0x000001cb6da15bd0 Implicit null exception at 0x000001cb07bf768c to 0x000001cb07bf7a94
Event: 8.920 Thread 0x000001cb6da15bd0 Implicit null exception at 0x000001cb07bf9f4c to 0x000001cb07bfa040
Event: 9.090 Thread 0x000001cb6da15bd0 Implicit null exception at 0x000001cb07b89120 to 0x000001cb07b892b0
Event: 9.090 Thread 0x000001cb6da15bd0 Implicit null exception at 0x000001cb07b4e8e0 to 0x000001cb07b4e97a
Event: 9.120 Thread 0x000001cb6da15bd0 Exception <a 'java/lang/NoSuchMethodError'{0x000000008a4dc4c8}: 'java.lang.Object java.lang.invoke.DirectMethodHandle$Holder.invokeInterface(java.lang.Object, java.lang.Object, java.lang.Object)'> (0x000000008a4dc4c8) 
thrown [s\src\hotspot\share\interpreter\linkResolver.cpp, line 759]
Event: 9.120 Thread 0x000001cb6da15bd0 Exception <a 'java/lang/IncompatibleClassChangeError'{0x000000008a4dfe38}: Found class java.lang.Object, but interface was expected> (0x000000008a4dfe38) 
thrown [s\src\hotspot\share\interpreter\linkResolver.cpp, line 826]
Event: 9.397 Thread 0x000001cb6da15bd0 Exception <a 'java/lang/NoSuchMethodError'{0x0000000089c2c8b8}: 'java.lang.Object java.lang.invoke.DirectMethodHandle$Holder.invokeStatic(java.lang.Object, int, java.lang.Object)'> (0x0000000089c2c8b8) 
thrown [s\src\hotspot\share\interpreter\linkResolver.cpp, line 759]
Event: 9.410 Thread 0x000001cb6da15bd0 Exception <a 'java/lang/NoSuchMethodError'{0x0000000089c61648}: 'java.lang.Object java.lang.invoke.DirectMethodHandle$Holder.newInvokeSpecial(java.lang.Object, int, java.lang.Object)'> (0x0000000089c61648) 
thrown [s\src\hotspot\share\interpreter\linkResolver.cpp, line 759]
Event: 9.411 Thread 0x000001cb6da15bd0 Exception <a 'java/lang/NoSuchMethodError'{0x0000000089c68358}: 'int java.lang.invoke.DirectMethodHandle$Holder.invokeInterface(java.lang.Object, java.lang.Object)'> (0x0000000089c68358) 
thrown [s\src\hotspot\share\interpreter\linkResolver.cpp, line 759]
Event: 10.299 Thread 0x000001cb6da15bd0 Exception <a 'java/lang/NoSuchMethodError'{0x0000000088e3e8f0}: 'int java.lang.invoke.DirectMethodHandle$Holder.invokeStaticInit(java.lang.Object, int)'> (0x0000000088e3e8f0) 
thrown [s\src\hotspot\share\interpreter\linkResolver.cpp, line 759]
Event: 10.637 Thread 0x000001cb6da15bd0 Implicit null exception at 0x000001cb07b4700c to 0x000001cb07b4742c
Event: 11.561 Thread 0x000001cb6da15bd0 Implicit null exception at 0x000001cb07b8ad16 to 0x000001cb07b8b180
Event: 11.631 Thread 0x000001cb6da15bd0 Exception <a 'java/lang/NoSuchMethodError'{0x000000008a84a788}: 'java.lang.Object java.lang.invoke.DirectMethodHandle$Holder.newInvokeSpecial(java.lang.Object, java.lang.Object, java.lang.Object, int, int)'> (0x000000008a84a788) 
thrown [s\src\hotspot\share\interpreter\linkResolver.cpp, line 759]
Event: 11.633 Thread 0x000001cb6da15bd0 Exception <a 'java/lang/NoSuchMethodError'{0x000000008a84e5c8}: 'java.lang.Object java.lang.invoke.DirectMethodHandle$Holder.invokeSpecial(java.lang.Object, java.lang.Object, java.lang.Object, java.lang.Object, int, int)'> (0x000000008a84e5c8) 
thrown [s\src\hotspot\share\interpreter\linkResolver.cpp, line 759]
Event: 11.655 Thread 0x000001cb6da15bd0 Exception <a 'java/lang/NoSuchMethodError'{0x000000008a89fab0}: 'java.lang.Object java.lang.invoke.DirectMethodHandle$Holder.invokeSpecial(java.lang.Object, java.lang.Object, int, int, java.lang.Object, java.lang.Object, java.lang.Object, java.lang.Object, java.lang.Object)'> (0x000000008a89fab0) 
thrown [s\src\hotspot\share\interpreter\linkResolver.cpp, line 759]

VM Operations (20 events):
Event: 11.810 Executing VM operation: ICBufferFull
Event: 11.810 Executing VM operation: ICBufferFull done
Event: 11.844 Executing VM operation: HandshakeAllThreads
Event: 11.844 Executing VM operation: HandshakeAllThreads done
Event: 12.009 Executing VM operation: HandshakeAllThreads
Event: 12.009 Executing VM operation: HandshakeAllThreads done
Event: 12.226 Executing VM operation: HandshakeAllThreads
Event: 12.226 Executing VM operation: HandshakeAllThreads done
Event: 12.229 Executing VM operation: HandshakeAllThreads
Event: 12.230 Executing VM operation: HandshakeAllThreads done
Event: 12.382 Executing VM operation: HandshakeAllThreads
Event: 12.382 Executing VM operation: HandshakeAllThreads done
Event: 12.383 Executing VM operation: HandshakeAllThreads
Event: 12.383 Executing VM operation: HandshakeAllThreads done
Event: 12.500 Executing VM operation: HandshakeAllThreads
Event: 12.501 Executing VM operation: HandshakeAllThreads done
Event: 12.571 Executing VM operation: ICBufferFull
Event: 12.571 Executing VM operation: ICBufferFull done
Event: 12.644 Executing VM operation: HandshakeAllThreads
Event: 12.644 Executing VM operation: HandshakeAllThreads done

Events (20 events):
Event: 5.911 loading class java/util/AbstractList$ListItr
Event: 5.912 loading class java/util/AbstractList$ListItr done
Event: 5.991 loading class java/security/AccessControlException
Event: 5.991 loading class java/security/AccessControlException done
Event: 6.003 loading class java/text/StringCharacterIterator
Event: 6.003 loading class java/text/CharacterIterator
Event: 6.003 loading class java/text/CharacterIterator done
Event: 6.003 loading class java/text/StringCharacterIterator done
Event: 6.133 loading class java/util/ArrayList$SubList$1
Event: 6.134 loading class java/util/ArrayList$SubList$1 done
Event: 6.169 loading class java/lang/annotation/ElementType
Event: 6.169 loading class java/lang/annotation/ElementType done
Event: 6.170 loading class java/lang/Override
Event: 6.170 loading class java/lang/Override done
Event: 7.068 loading class java/util/stream/IntPipeline$1
Event: 7.068 loading class java/util/stream/IntPipeline$1 done
Event: 7.071 loading class java/util/stream/IntPipeline$1$1
Event: 7.071 loading class java/util/stream/IntPipeline$1$1 done
Event: 7.350 loading class java/util/RegularEnumSet$EnumSetIterator
Event: 7.350 loading class java/util/RegularEnumSet$EnumSetIterator done


Dynamic libraries:
0x00007ff7fa410000 - 0x00007ff7fa41e000 	C:\Program Files\Microsoft\jdk-17.0.8.7-hotspot\bin\java.exe
0x00007ffdeeb30000 - 0x00007ffdeed28000 	C:\WINDOWS\SYSTEM32\ntdll.dll
0x00007ffdee8f0000 - 0x00007ffdee9b1000 	C:\WINDOWS\System32\KERNEL32.DLL
0x00007ffdec730000 - 0x00007ffdeca26000 	C:\WINDOWS\System32\KERNELBASE.dll
0x00007ffdeca60000 - 0x00007ffdecb60000 	C:\WINDOWS\System32\ucrtbase.dll
0x00007ffde40c0000 - 0x00007ffde40d7000 	C:\Program Files\Microsoft\jdk-17.0.8.7-hotspot\bin\jli.dll
0x00007ffde40e0000 - 0x00007ffde40fb000 	C:\Program Files\Microsoft\jdk-17.0.8.7-hotspot\bin\VCRUNTIME140.dll
0x00007ffdecb60000 - 0x00007ffdeccff000 	C:\WINDOWS\System32\USER32.dll
0x00007ffdeca30000 - 0x00007ffdeca52000 	C:\WINDOWS\System32\win32u.dll
0x00007ffdd6470000 - 0x00007ffdd670a000 	C:\WINDOWS\WinSxS\amd64_microsoft.windows.common-controls_6595b64144ccf1df_6.0.19041.4355_none_60b8b9eb71f62e16\COMCTL32.dll
0x00007ffdee070000 - 0x00007ffdee09b000 	C:\WINDOWS\System32\GDI32.dll
0x00007ffdee720000 - 0x00007ffdee7be000 	C:\WINDOWS\System32\msvcrt.dll
0x00007ffdec330000 - 0x00007ffdec447000 	C:\WINDOWS\System32\gdi32full.dll
0x00007ffdec600000 - 0x00007ffdec69d000 	C:\WINDOWS\System32\msvcp_win.dll
0x00007ffdeceb0000 - 0x00007ffdecedf000 	C:\WINDOWS\System32\IMM32.DLL
0x00007ffde4bd0000 - 0x00007ffde4bdc000 	C:\Program Files\Microsoft\jdk-17.0.8.7-hotspot\bin\vcruntime140_1.dll
0x00007ffdb0e80000 - 0x00007ffdb0f0d000 	C:\Program Files\Microsoft\jdk-17.0.8.7-hotspot\bin\msvcp140.dll
0x00007ffd84ce0000 - 0x00007ffd85945000 	C:\Program Files\Microsoft\jdk-17.0.8.7-hotspot\bin\server\jvm.dll
0x00007ffded910000 - 0x00007ffded9c0000 	C:\WINDOWS\System32\ADVAPI32.dll
0x00007ffdede30000 - 0x00007ffdeded0000 	C:\WINDOWS\System32\sechost.dll
0x00007ffdee7c0000 - 0x00007ffdee8e3000 	C:\WINDOWS\System32\RPCRT4.dll
0x00007ffdec300000 - 0x00007ffdec327000 	C:\WINDOWS\System32\bcrypt.dll
0x00007ffde40b0000 - 0x00007ffde40b9000 	C:\WINDOWS\SYSTEM32\WSOCK32.dll
0x00007ffdd7750000 - 0x00007ffdd7777000 	C:\WINDOWS\SYSTEM32\WINMM.dll
0x00007ffdeb710000 - 0x00007ffdeb75b000 	C:\WINDOWS\SYSTEM32\POWRPROF.dll
0x00007ffdee0a0000 - 0x00007ffdee10b000 	C:\WINDOWS\System32\WS2_32.dll
0x00007ffde0d90000 - 0x00007ffde0d9a000 	C:\WINDOWS\SYSTEM32\VERSION.dll
0x00007ffdeb5d0000 - 0x00007ffdeb5e2000 	C:\WINDOWS\SYSTEM32\UMPDC.dll
0x00007ffdea9f0000 - 0x00007ffdeaa02000 	C:\WINDOWS\SYSTEM32\kernel.appcore.dll
0x00007ffde3c60000 - 0x00007ffde3c6a000 	C:\Program Files\Microsoft\jdk-17.0.8.7-hotspot\bin\jimage.dll
0x00007ffde6f10000 - 0x00007ffde70f4000 	C:\WINDOWS\SYSTEM32\DBGHELP.DLL
0x00007ffdd35b0000 - 0x00007ffdd35e4000 	C:\WINDOWS\SYSTEM32\dbgcore.DLL
0x00007ffdec6a0000 - 0x00007ffdec722000 	C:\WINDOWS\System32\bcryptPrimitives.dll
0x00007ffdde760000 - 0x00007ffdde785000 	C:\Program Files\Microsoft\jdk-17.0.8.7-hotspot\bin\java.dll
0x00007ffdab270000 - 0x00007ffdab347000 	C:\Program Files\Microsoft\jdk-17.0.8.7-hotspot\bin\jsvml.dll
0x00007ffdecf70000 - 0x00007ffded6dc000 	C:\WINDOWS\System32\SHELL32.dll
0x00007ffdea240000 - 0x00007ffdea9de000 	C:\WINDOWS\SYSTEM32\windows.storage.dll
0x00007ffdee110000 - 0x00007ffdee463000 	C:\WINDOWS\System32\combase.dll
0x00007ffdebc00000 - 0x00007ffdebc2e000 	C:\WINDOWS\SYSTEM32\Wldp.dll
0x00007ffdeea20000 - 0x00007ffdeeaed000 	C:\WINDOWS\System32\OLEAUT32.dll
0x00007ffdee590000 - 0x00007ffdee63d000 	C:\WINDOWS\System32\SHCORE.dll
0x00007ffded6e0000 - 0x00007ffded735000 	C:\WINDOWS\System32\shlwapi.dll
0x00007ffdec110000 - 0x00007ffdec134000 	C:\WINDOWS\SYSTEM32\profapi.dll
0x00007ffddf2c0000 - 0x00007ffddf2d9000 	C:\Program Files\Microsoft\jdk-17.0.8.7-hotspot\bin\net.dll
0x00007ffde46b0000 - 0x00007ffde47ba000 	C:\WINDOWS\SYSTEM32\WINHTTP.dll
0x00007ffdeb960000 - 0x00007ffdeb9ca000 	C:\WINDOWS\system32\mswsock.dll
0x00007ffdd3ca0000 - 0x00007ffdd3cb6000 	C:\Program Files\Microsoft\jdk-17.0.8.7-hotspot\bin\nio.dll
0x00007ffdcae40000 - 0x00007ffdcae58000 	C:\Program Files\Microsoft\jdk-17.0.8.7-hotspot\bin\zip.dll
0x00007ffde10c0000 - 0x00007ffde10d0000 	C:\Program Files\Microsoft\jdk-17.0.8.7-hotspot\bin\verify.dll

dbghelp: loaded successfully - version: 4.0.5 - missing functions: none
symbol engine: initialized successfully - sym options: 0x614 - pdb path: .;C:\Program Files\Microsoft\jdk-17.0.8.7-hotspot\bin;C:\WINDOWS\SYSTEM32;C:\WINDOWS\WinSxS\amd64_microsoft.windows.common-controls_6595b64144ccf1df_6.0.19041.4355_none_60b8b9eb71f62e16;C:\Program Files\Microsoft\jdk-17.0.8.7-hotspot\bin\server

VM Arguments:
java_command: org.jetbrains.kotlin.cli.jvm.K2JVMCompiler @C:\REACT-NATIVE\calorify\node_modules\expo-dev-launcher\expo-dev-launcher-gradle-plugin\build\20240809_6609772985227965082.compiler.options
java_class_path (initial): C:\Users\Barjinder Goyal\.gradle\caches\modules-2\files-2.1\org.jetbrains.kotlin\kotlin-compiler-embeddable\1.9.23\460f3eeb4ac5383e60a09898bafa9b63838cc2ea\kotlin-compiler-embeddable-1.9.23.jar;C:\Users\Barjinder Goyal\.gradle\caches\modules-2\files-2.1\org.jetbrains.kotlin\kotlin-stdlib\1.9.23\dbaadea1f5e68f790d242a91a38355a83ec38747\kotlin-stdlib-1.9.23.jar;C:\Users\Barjinder Goyal\.gradle\caches\modules-2\files-2.1\org.jetbrains.kotlin\kotlin-script-runtime\1.9.23\1375a7343d05891119fac57f8b50a7578420ac27\kotlin-script-runtime-1.9.23.jar;C:\Users\Barjinder Goyal\.gradle\caches\modules-2\files-2.1\org.jetbrains.kotlin\kotlin-reflect\1.6.10\1cbe9c92c12a94eea200d23c2bbaedaf3daf5132\kotlin-reflect-1.6.10.jar;C:\Users\Barjinder Goyal\.gradle\caches\modules-2\files-2.1\org.jetbrains.kotlin\kotlin-daemon-embeddable\1.9.23\a6ad5e888015dc4f9eb828ea753167f256093c6a\kotlin-daemon-embeddable-1.9.23.jar;C:\Users\Barjinder Goyal\.gradle\caches\modules-2\files-2.1\org.jetbrains.intellij.deps\trove4j\1.0.20200330\3afb14d5f9ceb459d724e907a21145e8ff394f02\trove4j-1.0.20200330.jar;C:\Users\Barjinder Goyal\.gradle\caches\modules-2\files-2.1\org.jetbrains\annotations\13.0\919f0dfe192fb4e063e7dacadee7f8bb9a2672a9\annotations-13.0.jar
Launcher Type: SUN_STANDARD

[Global flags]
     intx CICompilerCount                          = 4                                         {product} {ergonomic}
     uint ConcGCThreads                            = 2                                         {product} {ergonomic}
     uint G1ConcRefinementThreads                  = 8                                         {product} {ergonomic}
   size_t G1HeapRegionSize                         = 1048576                                   {product} {ergonomic}
    uintx GCDrainStackTargetSize                   = 64                                        {product} {ergonomic}
   size_t InitialHeapSize                          = 132120576                                 {product} {ergonomic}
   size_t MarkStackSize                            = 4194304                                   {product} {ergonomic}
   size_t MaxHeapSize                              = 2107637760                                {product} {ergonomic}
   size_t MaxNewSize                               = 1264582656                                {product} {ergonomic}
   size_t MinHeapDeltaBytes                        = 1048576                                   {product} {ergonomic}
   size_t MinHeapSize                              = 8388608                                   {product} {ergonomic}
    uintx NonNMethodCodeHeapSize                   = 5839372                                {pd product} {ergonomic}
    uintx NonProfiledCodeHeapSize                  = 122909434                              {pd product} {ergonomic}
    uintx ProfiledCodeHeapSize                     = 122909434                              {pd product} {ergonomic}
    uintx ReservedCodeCacheSize                    = 251658240                              {pd product} {ergonomic}
     bool SegmentedCodeCache                       = true                                      {product} {ergonomic}
   size_t SoftMaxHeapSize                          = 2107637760                             {manageable} {ergonomic}
     bool UseCompressedClassPointers               = true                           {product lp64_product} {ergonomic}
     bool UseCompressedOops                        = true                           {product lp64_product} {ergonomic}
     bool UseG1GC                                  = true                                      {product} {ergonomic}
     bool UseLargePagesIndividualAllocation        = false                                  {pd product} {ergonomic}

Logging:
Log output configuration:
 #0: stdout all=warning uptime,level,tags
 #1: stderr all=off uptime,level,tags

Environment Variables:
JAVA_HOME=C:\Program Files\Microsoft\jdk-17.0.8.7-hotspot\
CLASSPATH=C:\REACT-NATIVE\calorify\android\\gradle\wrapper\gradle-wrapper.jar
PATH=C:\REACT-NATIVE\calorify\node_modules\.bin;C:\REACT-NATIVE\calorify\node_modules\.bin;C:\REACT-NATIVE\node_modules\.bin;C:\node_modules\.bin;C:\Users\Barjinder Goyal\AppData\Roaming\npm\node_modules\npm\node_modules\@npmcli\run-script\lib\node-gyp-bin;C:\Program Files\Microsoft\jdk-17.0.8.7-hotspot\bin;C:\Program Files\Microsoft\jdk-11.0.18.10-hotspot\bin;C:\Windows\system32;C:\Windows;C:\Windows\System32\Wbem;C:\Windows\System32\WindowsPowerShell\v1.0\;C:\Windows\System32\OpenSSH\;C:\Program Files (x86)\NVIDIA Corporation\PhysX\Common;C:\Program Files\NVIDIA Corporation\NVIDIA NvDLISR;C:\WINDOWS\system32;C:\WINDOWS;C:\WINDOWS\System32\Wbem;C:\WINDOWS\System32\WindowsPowerShell\v1.0\;C:\WINDOWS\System32\OpenSSH\;C:\Program Files\Sublime Text;C:\PYTHON;C:\PYTHON\Scripts;C:\Program Files\Git\cmd;C:\Program Files\MongoDB\Server\6.0\bin;C:\MONGODB\mongosh-1.8.0-win32-x64\bin;C:\ProgramData\chocolatey\bin;C:\Users\Barjinder Goyal\;C:\Users\Barjinder Goyal\AppData\Local\Android\Sdk\platform-tools;C:\Program Files (x86)\Windows Kits\10\Windows Performance Toolkit\;C:\Users\Barjinder Goyal\AppData\Local\Programs\Python\Python312\Scripts\;C:\Users\Barjinder Goyal\AppData\Local\Programs\Python\Python312\;C:\Users\Barjinder Goyal\AppData\Local\Android\Sdk\tools;C:\Users\Barjinder Goyal\AppData\Local\Android\Sdk\tools;C:\Users\Barjinder Goyal\AppData\Local\Microsoft\WindowsApps;C:\Users\Barjinder Goyal\AppData\Local\Programs\Microsoft VS Code\bin;C:\Users\Barjinder Goyal\node.exe;C:\Users\Barjinder Goyal\AppData\Roaming\npm
USERNAME=Barjinder Goyal
OS=Windows_NT
PROCESSOR_IDENTIFIER=Intel64 Family 6 Model 142 Stepping 12, GenuineIntel
TMP=C:\Users\BARJIN~1\AppData\Local\Temp
TEMP=C:\Users\BARJIN~1\AppData\Local\Temp



---------------  S Y S T E M  ---------------

OS:
 Windows 10 , 64 bit Build 19041 (10.0.19041.4597)
OS uptime: 9 days 10:16 hours

CPU: total 8 (initial active 8) (4 cores per cpu, 2 threads per core) family 6 model 142 stepping 12 microcode 0xca, cx8, cmov, fxsr, ht, mmx, 3dnowpref, sse, sse2, sse3, ssse3, sse4.1, sse4.2, popcnt, lzcnt, tsc, tscinvbit, avx, avx2, aes, erms, clmul, bmi1, bmi2, adx, fma, vzeroupper, clflush, clflushopt
Processor Information for all 8 processors :
  Max Mhz: 1800, Current Mhz: 1600, Mhz Limit: 1584

Memory: 4k page, system-wide physical 8039M (236M free)
TotalPageFile size 32615M (AvailPageFile size 4M)
current process WorkingSet (physical memory assigned to process): 274M, peak: 274M
current process commit charge ("private bytes"): 327M, peak: 327M

vm_info: OpenJDK 64-Bit Server VM (17.0.8+7-LTS) for windows-amd64 JRE (17.0.8+7-LTS), built on Jul  7 2023 17:21:55 by "MicrosoftCorporation" with MS VC++ 16.10 / 16.11 (VS2019)

END.
